module
  fn mk() -> Fn { params: [Int(64)], return_type: Int(64) }
    locals_total=1
    MakeClosure %0 <- closure_0 env=[] (def=d0)
    Ret %0
  fn mk_block() -> Fn { params: [], return_type: Int(64) }
    locals_total=1
    MakeClosure %0 <- closure_1 env=[] (def=d1)
    Ret %0
  fn curried(Int(64)) -> Fn { params: [Int(64)], return_type: Int(64) }
    locals_total=2
    MakeClosure %0 <- __curried_l0 env=[%1] (def=d2)
    Ret %0
  fn apply(Fn { params: [], return_type: Int(64) }) -> Int(64)
    slot[0] h : Int(64) @depth1
    locals_total=3
    Load %0 <- arg%0
    Load %1 <- %0
    CallDyn %2 <- %1 []
    Ret %2
  fn main() -> Void
    slot[0] h : Int(64) @depth1
    locals_total=8
    Load %0 <- int(5)
    Call %1 <- string("mk") [] (def=d3)
    CallDyn %2 <- %1 [%0]
    Load %3 <- int(6)
    Eq %4 <- %2, %3
    Load %5 <- string("mk()(5) should be 6")
    Call %6 <- string("std.assert.assert") [%4, %5] (def=d4)
    Call %0 <- string("mk_block") [] (def=d5)
    CallDyn %2 <- %0 []
    Load %3 <- int(7)
    Eq %4 <- %2, %3
    Load %1 <- string("mk_block()() should be 7")
    Call %6 <- string("std.assert.assert") [%4, %1] (def=d4)
    Load %0 <- int(2)
    Load %5 <- int(1)
    Call %1 <- string("curried") [%5] (def=d6)
    CallDyn %2 <- %1 [%0]
    Load %3 <- int(3)
    Eq %4 <- %2, %3
    Load %7 <- string("curried(1)(2) should be 3")
    Call %6 <- string("std.assert.assert") [%4, %7] (def=d4)
    MakeClosure %0 <- closure_2 env=[] (def=d7)
    Call %2 <- string("apply") [%0] (def=d8)
    Load %3 <- int(42)
    Eq %4 <- %2, %3
    Load %1 <- string("apply should call the thunk")
    Call %6 <- string("std.assert.assert") [%4, %1] (def=d4)
    Call %6 <- string("mk") [] (def=d3)
    Load %1 <- int(1)
    Load %5 <- %6
    CallDyn %3 <- %5 [%1]
    Load %0 <- int(2)
    Eq %2 <- %3, %0
    Load %7 <- string("stored returned fn should work")
    Call %4 <- string("std.assert.assert") [%2, %7] (def=d4)
    Load %2 <- string("paren return fn ok")
    Call %4 <- string("std.io.println") [%2] (def=d9)
    Ret %4
  fn closure_0(Int(64)) -> Void
    slot[0] a : Int(64) @depth2
    locals_total=5
    Load %0 <- %1
    Load %2 <- int(1)
    Add %3 <- %0, %2
    Ret %3
  fn closure_1() -> Void
    locals_total=2
    Load %0 <- int(7)
    Ret %0
  fn __curried_l0(Int(64)) -> Int(64)
    slot[0] a : Int(64) @depth1
    slot[1] b : Int(64) @depth1
    locals_total=5
    Load %0 <- %1
    Load %2 <- %3
    Add %4 <- %0, %2
    Ret %4
  fn closure_2() -> Void
    locals_total=8
    Load %0 <- int(42)
    Ret %0
  init (locals=0)
    Call %0 <- string("main") [] (def=_)
