module
  fn main() -> Void
    slot[0] flag : Int(64) @depth1
    slot[1] i : Int(64) @depth1
    slot[2] a : Int(64) @depth1
    slot[3] b : Int(64) @depth1
    locals_total=14
    Load %0 <- bool(true)
    Load %1 <- int(0)
    Load %2 <- void
    Load %3 <- %0
    JmpIfNot %3 -> instr(17)
    Load %4 <- %1
    Load %5 <- int(1)
    Add %1 <- %4, %5
    Load %6 <- %1
    Load %7 <- int(3)
    Gt %8 <- %6, %7
    JmpIfNot %8 -> instr(15)
    Load %0 <- bool(false)
    Move %9 <- %10
    Jmp -> instr(15)
    Load %2 <- void
    Jmp -> instr(3)
    Load %4 <- %1
    Load %5 <- int(4)
    Eq %3 <- %4, %5
    Load %9 <- string("布尔标志循环应正常退出，i 累加到 4")
    Call %2 <- string("std.assert.assert") [%3, %9] (def=d0)
    Load %2 <- int(0)
    Load %3 <- int(10)
    Load %4 <- void
    Load %9 <- %2
    Load %8 <- %3
    Lt %5 <- %9, %8
    JmpIfNot %5 -> instr(36)
    Load %6 <- %2
    Load %7 <- int(1)
    Add %2 <- %6, %7
    Load %10 <- %3
    Load %11 <- int(1)
    Sub %3 <- %10, %11
    Jmp -> instr(25)
    Load %8 <- %2
    Load %6 <- %3
    Eq %9 <- %8, %6
    JmpIf %9 -> instr(46)
    Load %7 <- %2
    Load %11 <- %3
    Load %12 <- int(1)
    Add %10 <- %11, %12
    Eq %5 <- %7, %10
    Jmp -> instr(47)
    Load %5 <- bool(true)
    Load %13 <- string("双变量循环应收敛（a 追上 b）")
    Call %4 <- string("std.assert.assert") [%5, %13] (def=d0)
    Ret %4
