module
  global[0] v : Int(64)
  global[1] w : Int(64)
  global[2] z : Int(64)
  global[3] r : Int(64)
  global[4] e : Int(64)
  global[5] h : Int(64)
  global[6] f : Int(64)
  fn pick(Bool) -> Generic { name: "Option", args: [Int(64)] }
    slot[0] empty : Int(64) @depth1
    locals_total=4
    Load %0 <- arg%0
    Load %1 <- %0
    JmpIfNot %1 -> instr(6)
    Load %2 <- void
    CreateVariant %3 <- Option::1 %2
    Ret %3
    Load %3 <- int(7)
    CreateVariant %1 <- Option::0 %3
    Ret %1
    Ret %1
  fn mk(Bool) -> Generic { name: "Result", args: [Int(64), Generic { name: "String", args: [] }] }
    slot[0] ok : Int(64) @depth1
    locals_total=4
    Load %0 <- arg%0
    Load %1 <- %0
    JmpIfNot %1 -> instr(6)
    Load %2 <- int(5)
    CreateVariant %3 <- Result::0 %2
    Ret %3
    Load %3 <- string("no")
    CreateVariant %1 <- Result::1 %3
    Ret %1
    Ret %1
  fn Holder() -> MetaType { universe_level: UniverseLevel { level: "1" }, type_params: [] }
    type_decl Struct { body: [Field(StructField { name: "opt", is_mut: false, ty: Generic { name: "Option", name_span: Span { start: Position { line: 28, column: 10, offset: 881 }, end: Position { line: 28, column: 16, offset: 887 } }, args: [Name { name: "Int", span: Span { start: Position { line: 28, column: 17, offset: 888 }, end: Position { line: 28, column: 20, offset: 891 } } }] }, default: None })] }
  init (locals=105)
    islot[6] x : Int(64) @depth1
    islot[24] x : Int(64) @depth1
    islot[46] x : Int(64) @depth1
    islot[60] x : Int(64) @depth1
    islot[80] x : Int(64) @depth1
    islot[104] x : Int(64) @depth1
    Load %0 <- void
    Load %1 <- bool(false)
    Call %2 <- string("pick") [%1] (def=_)
    VariantTag %3 <- %2 : Option
    Load %4 <- int(0)
    Eq %5 <- %3, %4
    JmpIfNot %5 -> instr(12)
    VariantPayload %6 <- %2 : Option
    Move %7 <- %6
    Load %8 <- %7
    Move %0 <- %8
    Jmp -> instr(19)
    VariantTag %9 <- %2 : Option
    Load %10 <- int(1)
    Eq %11 <- %9, %10
    JmpIfNot %11 -> instr(19)
    Load %12 <- int(0)
    Move %0 <- %12
    Jmp -> instr(19)
    Store @0 <- %0
    Load %13 <- void
    Load %14 <- bool(true)
    Call %15 <- string("pick") [%14] (def=_)
    VariantTag %16 <- %15 : Option
    Load %17 <- int(0)
    Eq %18 <- %16, %17
    JmpIfNot %18 -> instr(32)
    VariantPayload %19 <- %15 : Option
    Move %20 <- %19
    Load %21 <- %20
    Move %13 <- %21
    Jmp -> instr(39)
    VariantTag %22 <- %15 : Option
    Load %23 <- int(1)
    Eq %24 <- %22, %23
    JmpIfNot %24 -> instr(39)
    Load %25 <- int(0)
    Move %13 <- %25
    Jmp -> instr(39)
    Store @1 <- %13
    Load %26 <- void
    Load %27 <- void
    CreateVariant %28 <- Option::1 %27
    VariantTag %29 <- %28 : Option
    Load %30 <- int(1)
    Eq %31 <- %29, %30
    JmpIfNot %31 -> instr(50)
    Load %32 <- int(0)
    Move %26 <- %32
    Jmp -> instr(59)
    VariantTag %33 <- %28 : Option
    Load %34 <- int(0)
    Eq %35 <- %33, %34
    JmpIfNot %35 -> instr(59)
    VariantPayload %36 <- %28 : Option
    Move %37 <- %36
    Load %38 <- %37
    Move %26 <- %38
    Jmp -> instr(59)
    Store @2 <- %26
    Load %39 <- void
    Load %40 <- bool(true)
    Call %41 <- string("mk") [%40] (def=_)
    VariantTag %42 <- %41 : Result
    Load %43 <- int(0)
    Eq %44 <- %42, %43
    JmpIfNot %44 -> instr(72)
    VariantPayload %45 <- %41 : Result
    Move %46 <- %45
    Load %47 <- %46
    Move %39 <- %47
    Jmp -> instr(81)
    VariantTag %48 <- %41 : Result
    Load %49 <- int(1)
    Eq %50 <- %48, %49
    JmpIfNot %50 -> instr(81)
    VariantPayload %51 <- %41 : Result
    Load %52 <- int(1)
    Neg %53 <- %52
    Move %39 <- %53
    Jmp -> instr(81)
    Store @3 <- %39
    Load %54 <- void
    Load %55 <- bool(false)
    Call %56 <- string("mk") [%55] (def=_)
    VariantTag %57 <- %56 : Result
    Load %58 <- int(0)
    Eq %59 <- %57, %58
    JmpIfNot %59 -> instr(94)
    VariantPayload %60 <- %56 : Result
    Move %61 <- %60
    Load %62 <- %61
    Move %54 <- %62
    Jmp -> instr(103)
    VariantTag %63 <- %56 : Result
    Load %64 <- int(1)
    Eq %65 <- %63, %64
    JmpIfNot %65 -> instr(103)
    VariantPayload %66 <- %56 : Result
    Load %67 <- int(1)
    Neg %68 <- %67
    Move %54 <- %68
    Jmp -> instr(103)
    Store @4 <- %54
    Load %69 <- int(9)
    CreateVariant %70 <- Option::0 %69
    Call %71 <- string("Holder") [%70] (def=_)
    Store @5 <- %71
    Load %72 <- void
    Load %73 <- @5
    LoadField %74 <- %73.0
    VariantTag %75 <- %74 : Option
    Load %76 <- int(0)
    Eq %77 <- %75, %76
    JmpIfNot %77 -> instr(120)
    VariantPayload %78 <- %74 : Option
    Move %79 <- %78
    Load %80 <- %79
    Move %72 <- %80
    Jmp -> instr(127)
    VariantTag %81 <- %74 : Option
    Load %82 <- int(1)
    Eq %83 <- %81, %82
    JmpIfNot %83 -> instr(127)
    Load %84 <- int(0)
    Move %72 <- %84
    Jmp -> instr(127)
    Store @6 <- %72
    Load %85 <- @0
    Load %86 <- int(7)
    Eq %87 <- %85, %86
    Load %88 <- string("call scrutinee some arm payload")
    Call %89 <- string("std.assert.assert") [%87, %88] (def=_)
    Load %90 <- @1
    Load %91 <- int(0)
    Eq %92 <- %90, %91
    Load %93 <- string("call scrutinee none arm")
    Call %94 <- string("std.assert.assert") [%92, %93] (def=_)
    Load %95 <- @2
    Load %96 <- int(0)
    Eq %97 <- %95, %96
    Load %98 <- string("inline ctor scrutinee none arm")
    Call %99 <- string("std.assert.assert") [%97, %98] (def=_)
    Load %100 <- @3
    Load %101 <- int(5)
    Eq %102 <- %100, %101
    Load %103 <- string("result call scrutinee ok arm")
    Call %104 <- string("std.assert.assert") [%102, %103] (def=_)
    Load %105 <- @4
    Load %106 <- int(1)
    Neg %107 <- %106
    Eq %108 <- %105, %107
    Load %109 <- string("result call scrutinee err arm")
    Call %110 <- string("std.assert.assert") [%108, %109] (def=_)
    Load %111 <- @6
    Load %112 <- int(9)
    Eq %113 <- %111, %112
    Load %114 <- string("field access scrutinee payload")
    Call %115 <- string("std.assert.assert") [%113, %114] (def=_)
