module
  fn bump(Ref { mutable: false, inner: Generic { name: "Option", args: [Int(64)] } }) -> Generic { name: "Option", args: [Int(64)] }
    slot[0] o : Int(64) @depth1
    slot[1] v : Int(64) @depth1
    locals_total=6
    Load %0 <- arg%0
    Load %1 <- %0
    Call %2 <- string("std.option.Option.is_failure") [%1] (def=d0)
    JmpIf %2 -> instr(7)
    Call %3 <- string("std.option.Option.success") [%1] (def=d1)
    Load %1 <- %3
    Jmp -> instr(10)
    Call %4 <- string("std.option.Option.residual") [%1] (def=d2)
    Call %5 <- string("std.option.Option.from_error") [%4] (def=d3)
    Ret %5
    Load %4 <- %1
    Load %5 <- int(1)
    Add %3 <- %4, %5
    CreateVariant %2 <- Option::0 %3
    Ret %2
    Ret %2
  fn main() -> Void
    slot[0] some_case : Int(64) @depth1
    slot[1] none_case : Int(64) @depth1
    slot[2] bumped : Int(64) @depth1
    slot[5] v : Int(64) @depth2
    slot[6] propagated : Int(64) @depth1
    locals_total=22
    Load %0 <- int(4)
    CreateVariant %1 <- Option::0 %0
    Load %2 <- void
    CreateVariant %0 <- Option::1 %2
    Load %3 <- %1
    Move %4 <- %3
    Call %2 <- string("bump") [%4] (def=d4)
    Load %4 <- void
    Load %3 <- %2
    VariantTag %5 <- %3 : Option
    Load %6 <- int(0)
    Eq %7 <- %5, %6
    JmpIfNot %7 -> instr(22)
    VariantPayload %8 <- %3 : Option
    Move %9 <- %8
    Load %10 <- %9
    Load %11 <- int(5)
    Eq %12 <- %10, %11
    Load %13 <- string("? keeps some payload")
    Call %14 <- string("std.assert.assert") [%12, %13] (def=d5)
    Move %4 <- %14
    Jmp -> instr(31)
    VariantTag %15 <- %3 : Option
    Load %16 <- int(1)
    Eq %17 <- %15, %16
    JmpIfNot %17 -> instr(31)
    Load %18 <- bool(false)
    Load %19 <- string("? must not turn some into none")
    Call %20 <- string("std.assert.assert") [%18, %19] (def=d5)
    Move %4 <- %20
    Jmp -> instr(31)
    Load %7 <- %0
    Move %6 <- %7
    Call %5 <- string("bump") [%6] (def=d4)
    Load %6 <- void
    Load %7 <- %5
    VariantTag %8 <- %7 : Option
    Load %14 <- int(0)
    Eq %12 <- %8, %14
    JmpIfNot %12 -> instr(46)
    VariantPayload %10 <- %7 : Option
    Load %13 <- bool(false)
    Load %15 <- string("? must not fabricate a value")
    Call %11 <- string("std.assert.assert") [%13, %15] (def=d5)
    Move %6 <- %11
    Jmp -> instr(55)
    VariantTag %16 <- %7 : Option
    Load %17 <- int(1)
    Eq %20 <- %16, %17
    JmpIfNot %20 -> instr(55)
    Load %19 <- bool(true)
    Load %21 <- string("? propagates none")
    Call %18 <- string("std.assert.assert") [%19, %21] (def=d5)
    Move %6 <- %18
    Jmp -> instr(55)
    Ret %6
  init (locals=0)
    Call %0 <- string("main") [] (def=_)
