module
  fn main() -> Void
    slot[0] r : Int(64) @depth1
    slot[1] r2 : Int(64) @depth1
    slot[2] it2 : Int(64) @depth1
    slot[3] last : Int(64) @depth1
    slot[13] i : Int(64) @depth2
    slot[14] ranges : Int(64) @depth1
    slot[15] total : Int(64) @depth1
    slot[18] rg : Int(64) @depth2
    slot[26] i : Int(64) @depth4
    locals_total=32
    Load %0 <- int(1)
    Load %1 <- int(10)
    Load %2 <- int(1)
    NewRange %3 <- %0, %1, %2
    Load %4 <- %3
    LoadField %2 <- %4.0
    Load %5 <- int(1)
    Eq %1 <- %2, %5
    Load %6 <- string("field start")
    Call %0 <- string("std.assert.assert") [%1, %6] (def=d0)
    Load %4 <- %3
    LoadField %2 <- %4.1
    Load %5 <- int(10)
    Eq %1 <- %2, %5
    Load %6 <- string("field end")
    Call %0 <- string("std.assert.assert") [%1, %6] (def=d0)
    Load %1 <- int(1)
    Load %2 <- int(10)
    Load %5 <- int(3)
    NewRange %0 <- %1, %2, %5
    Load %6 <- %0
    LoadField %5 <- %6.2
    Load %4 <- int(3)
    Eq %2 <- %5, %4
    Load %7 <- string("field step")
    Call %1 <- string("std.assert.assert") [%2, %7] (def=d0)
    Load %5 <- %3
    Load %6 <- int(1)
    Load %7 <- int(10)
    Load %8 <- int(1)
    NewRange %4 <- %6, %7, %8
    Eq %2 <- %5, %4
    Load %9 <- string("range structural eq")
    Call %1 <- string("std.assert.assert") [%2, %9] (def=d0)
    Load %5 <- %3
    Load %6 <- int(1)
    Load %7 <- int(9)
    Load %8 <- int(1)
    NewRange %4 <- %6, %7, %8
    Ne %2 <- %5, %4
    Load %9 <- string("range structural neq")
    Call %1 <- string("std.assert.assert") [%2, %9] (def=d0)
    Load %4 <- %3
    Load %6 <- int(5)
    Call %5 <- string("std.range.contains") [%4, %6] (def=d1)
    Call %2 <- string("std.result.unwrap") [%5] (def=d2)
    Load %7 <- string("consume r via contains")
    Call %1 <- string("std.assert.assert") [%2, %7] (def=d0)
    Load %5 <- %3
    Load %6 <- int(1)
    Load %7 <- int(10)
    Load %8 <- int(1)
    NewRange %4 <- %6, %7, %8
    Eq %2 <- %5, %4
    Load %9 <- string("range survives value use")
    Call %1 <- string("std.assert.assert") [%2, %9] (def=d0)
    Load %5 <- %3
    Call %2 <- string("std.range.iter") [%5] (def=d3)
    Call %1 <- string("std.result.unwrap") [%2] (def=d2)
    Load %7 <- %1
    Call %4 <- string("std.range.next") [%7] (def=d4)
    Load %6 <- int(1)
    Eq %5 <- %4, %6
    Load %8 <- string("range survives iterator creation")
    Call %2 <- string("std.assert.assert") [%5, %8] (def=d0)
    Load %2 <- int(0)
    Load %4 <- int(5)
    Load %6 <- int(0)
    Load %8 <- int(1)
    Neg %7 <- %8
    NewRange %5 <- %4, %6, %7
    Call %9 <- string("std.range.iter") [%5] (def=d3)
    VariantTag %10 <- %9 : Result
    Load %11 <- int(0)
    Eq %12 <- %10, %11
    JmpIfNot %12 -> instr(78)
    VariantPayload %9 <- %9 : Result
    Jmp -> instr(79)
    Call _ <- string("std.range.abort_invalid_step") [%5] (def=d5)
    Call %13 <- string("std.range.has_next") [%9] (def=d6)
    JmpIfNot %13 -> instr(85)
    Call %14 <- string("std.range.next") [%9] (def=d4)
    Store %15 <- %14
    Load %2 <- %15
    Jmp -> instr(79)
    Load %16 <- %2
    Load %17 <- int(1)
    Eq %14 <- %16, %17
    Load %18 <- string("descending for ends at 1")
    Call %13 <- string("std.assert.assert") [%14, %18] (def=d0)
    AllocArray %13 size=int(2), elem=int(1)
    Load %16 <- int(0)
    Load %17 <- int(3)
    Load %18 <- int(1)
    NewRange %14 <- %16, %17, %18
    Load %19 <- int(0)
    StoreIndex %13[%19] <- %14
    Load %20 <- int(10)
    Load %21 <- int(13)
    Load %22 <- int(1)
    NewRange %23 <- %20, %21, %22
    Load %24 <- int(1)
    StoreIndex %13[%24] <- %23
    Load %14 <- int(0)
    Load %16 <- %13
    Call %17 <- string("std.list.iter") [%16] (def=d7)
    Call %19 <- string("std.list.has_next") [%17] (def=d8)
    JmpIfNot %19 -> instr(128)
    Call %23 <- string("std.list.next") [%17] (def=d9)
    Store %18 <- %23
    Load %20 <- %18
    Call %21 <- string("std.range.iter") [%20] (def=d3)
    VariantTag %22 <- %21 : Result
    Load %24 <- int(0)
    Eq %25 <- %22, %24
    JmpIfNot %25 -> instr(118)
    VariantPayload %21 <- %21 : Result
    Jmp -> instr(119)
    Call _ <- string("std.range.abort_invalid_step") [%20] (def=d5)
    Call %26 <- string("std.range.has_next") [%21] (def=d6)
    JmpIfNot %26 -> instr(127)
    Call %27 <- string("std.range.next") [%21] (def=d4)
    Store %28 <- %27
    Load %29 <- %14
    Load %30 <- int(1)
    Add %14 <- %29, %30
    Jmp -> instr(119)
    Jmp -> instr(106)
    Load %29 <- %14
    Load %30 <- int(6)
    Eq %27 <- %29, %30
    Load %31 <- string("nested range iteration")
    Call %26 <- string("std.assert.assert") [%27, %31] (def=d0)
    Ret %26
  init (locals=0)
    Call %0 <- string("main") [] (def=_)
