module
  fn IsPositive(Int(64)) -> MetaType { universe_level: UniverseLevel { level: "1" }, type_params: [] }
    type_decl Struct { body: [Expr(ConstExpr(BinOp { op: Gt, left: Var("x", Span { start: Position { line: 17, column: 34, offset: 940 }, end: Position { line: 17, column: 35, offset: 941 } }), right: Lit(Int(0), Span { start: Position { line: 17, column: 38, offset: 944 }, end: Position { line: 17, column: 39, offset: 945 } }), span: Span { start: Position { line: 17, column: 36, offset: 942 }, end: Position { line: 17, column: 37, offset: 943 } } }))] }
  fn identity(Generic { name: "IsPositive", args: [TypeRef("b")] }) -> Int(64)
    slot[0] b : Int(64) @depth1
    locals_total=2
    Load %0 <- arg%0
    Load %1 <- %0
    Ret %1
  fn succ(Generic { name: "IsPositive", args: [TypeRef("b")] }) -> Int(64)
    slot[0] b : Int(64) @depth1
    locals_total=4
    Load %0 <- arg%0
    Load %1 <- %0
    Load %2 <- int(1)
    Add %3 <- %1, %2
    Ret %3
  fn main() -> Void
    locals_total=6
    Load %0 <- int(7)
    Call %1 <- string("identity") [%0] (def=d0)
    Load %2 <- int(7)
    Eq %3 <- %1, %2
    Load %4 <- string("带实参的精化形参应原样返回")
    Call %5 <- string("std.assert.assert") [%3, %4] (def=d1)
    Load %0 <- int(7)
    Call %1 <- string("succ") [%0] (def=d2)
    Load %2 <- int(8)
    Eq %3 <- %1, %2
    Load %4 <- string("带实参的精化形参应可参与 Int 算术")
    Call %5 <- string("std.assert.assert") [%3, %4] (def=d1)
    Ret %5
