module
  global[0] n : Int(64)
  fn SumUpTo(Int(64), Int(64)) -> MetaType { universe_level: UniverseLevel { level: "1" }, type_params: [] }
    type_decl Struct { body: [Expr(ConstExpr(BinOp { op: Eq, left: Var("s", Span { start: Position { line: 12, column: 39, offset: 679 }, end: Position { line: 12, column: 40, offset: 680 } }), right: BinOp { op: Mul, left: Var("n", Span { start: Position { line: 12, column: 44, offset: 684 }, end: Position { line: 12, column: 45, offset: 685 } }), right: Lit(Int(2), Span { start: Position { line: 12, column: 48, offset: 688 }, end: Position { line: 12, column: 49, offset: 689 } }), span: Span { start: Position { line: 12, column: 46, offset: 686 }, end: Position { line: 12, column: 47, offset: 687 } } }, span: Span { start: Position { line: 12, column: 41, offset: 681 }, end: Position { line: 12, column: 43, offset: 683 } } }))] }
  fn keep_valid() -> Int(64)
    slot[0] s : Int(64) @depth1
    locals_total=2
    Load %0 <- int(3)
    Store @0 <- %0
    Load %0 <- int(6)
    Load %1 <- int(3)
    Store @0 <- %1
    Load %1 <- %0
    Ret %1
  fn pruned_branch() -> Int(64)
    slot[0] s : Int(64) @depth1
    locals_total=5
    Load %0 <- int(3)
    Store @0 <- %0
    Load %0 <- int(6)
    Load %1 <- @0
    Load %2 <- int(2)
    Gt %3 <- %1, %2
    JmpIfNot %3 -> instr(10)
    Load %4 <- int(3)
    Store @0 <- %4
    Jmp -> instr(12)
    Load %3 <- int(4)
    Store @0 <- %3
    Load %3 <- %0
    Ret %3
  fn other(Int(64)) -> Int(64)
    slot[0] n : Int(64) @depth1
    slot[1] s : Int(64) @depth1
    locals_total=3
    Load %0 <- arg%0
    Load %1 <- int(6)
    Load %2 <- %1
    Ret %2
  init (locals=0)
    Load %0 <- int(3)
    Store @0 <- %0
    Call %1 <- string("keep_valid") [] (def=_)
    Load %2 <- int(6)
    Eq %3 <- %1, %2
    Load %4 <- string("约束成立时重验证应静默通过")
    Call %5 <- string("std.assert.assert") [%3, %4] (def=_)
    Call %6 <- string("pruned_branch") [] (def=_)
    Load %7 <- int(6)
    Eq %8 <- %6, %7
    Load %9 <- string("守卫裁剪：不可达分支不产生保守误报")
    Call %10 <- string("std.assert.assert") [%8, %9] (def=_)
    Load %11 <- int(5)
    Store @0 <- %11
    Load %12 <- int(3)
    Call %13 <- string("other") [%12] (def=_)
    Load %14 <- int(6)
    Eq %15 <- %13, %14
    Load %16 <- string("跨函数同名不触发误报，other 正常求值")
    Call %17 <- string("std.assert.assert") [%15, %16] (def=_)
