module
  fn IsPositive(Int(64)) -> MetaType { universe_level: UniverseLevel { level: "1" }, type_params: [] }
    type_decl Struct { body: [Expr(ConstExpr(BinOp { op: Gt, left: Var("x", Span { start: Position { line: 10, column: 34, offset: 519 }, end: Position { line: 10, column: 35, offset: 520 } }), right: Lit(Int(0), Span { start: Position { line: 10, column: 38, offset: 523 }, end: Position { line: 10, column: 39, offset: 524 } }), span: Span { start: Position { line: 10, column: 36, offset: 521 }, end: Position { line: 10, column: 37, offset: 522 } } }))] }
  fn main() -> Void
    slot[0] y : Int(64) @depth1
    slot[1] z : Int(64) @depth1
    slot[2] total : Int(64) @depth1
    slot[3] w : Int(64) @depth1
    locals_total=9
    Load %0 <- int(5)
    Load %1 <- %0
    Load %2 <- %1
    Load %3 <- int(5)
    Eq %4 <- %2, %3
    Load %5 <- string("精化变量的运行时值应原样传递")
    Call %6 <- string("std.assert.assert") [%4, %5] (def=d0)
    Load %4 <- %0
    Load %2 <- int(1)
    Add %6 <- %4, %2
    Load %3 <- %6
    Load %5 <- int(6)
    Eq %2 <- %3, %5
    Load %7 <- string("精化变量应可参与 Int 算术")
    Call %4 <- string("std.assert.assert") [%2, %7] (def=d0)
    Load %4 <- int(5)
    Load %4 <- int(6)
    Load %5 <- %4
    Load %7 <- int(6)
    Eq %3 <- %5, %7
    Load %8 <- string("精化变量的运行时类型是 Int，应可重赋 Int 值")
    Call %2 <- string("std.assert.assert") [%3, %8] (def=d0)
    Ret %2
