module
  fn Point() -> MetaType { universe_level: UniverseLevel { level: "1" }, type_params: [] }
    type_decl Struct { body: [Field(StructField { name: "x", is_mut: false, ty: Name { name: "Float", span: Span { start: Position { line: 8, column: 20, offset: 219 }, end: Position { line: 8, column: 25, offset: 224 } } }, default: None }), Field(StructField { name: "y", is_mut: false, ty: Name { name: "Float", span: Span { start: Position { line: 8, column: 30, offset: 229 }, end: Position { line: 8, column: 35, offset: 234 } } }, default: None })] }
  fn main() -> Void
    slot[0] p : Int(64) @depth1
    locals_total=4
    Load %0 <- float(4607182418800017408)
    Load %1 <- float(4611686018427387904)
    Call %2 <- string("Point") [%0, %1] (def=d0)
    Load %1 <- bool(true)
    Load %3 <- string("Point struct created successfully")
    Call %0 <- string("std.assert.assert") [%1, %3] (def=d1)
    Ret %0
  init (locals=0)
    Call %0 <- string("main") [] (def=_)
