module
  fn main() -> Void
    slot[0] s : Int(64) @depth1
    slot[1] parts : Int(64) @depth1
    slot[2] parts2 : Int(64) @depth1
    slot[3] cs : Int(64) @depth1
    slot[4] ok_r : Int(64) @depth1
    slot[5] err_r : Int(64) @depth1
    slot[6] err_f : Int(64) @depth1
    slot[7] i : Int(64) @depth1
    slot[8] ok_c : Int(64) @depth1
    slot[9] ok_e : Int(64) @depth1
    locals_total=18
    Load %0 <- string("  Hello World  ")
    Load %1 <- %0
    Call %2 <- string("std.string.trim") [%1] (def=d0)
    Load %3 <- string("Hello World")
    Eq %4 <- %2, %3
    Load %5 <- string("trim")
    Call %6 <- string("std.assert.assert") [%4, %5] (def=d1)
    Load %1 <- string("abc")
    Call %2 <- string("std.string.upper") [%1] (def=d2)
    Load %3 <- string("ABC")
    Eq %4 <- %2, %3
    Load %5 <- string("upper")
    Call %6 <- string("std.assert.assert") [%4, %5] (def=d1)
    Load %1 <- string("ABC")
    Call %2 <- string("std.string.lower") [%1] (def=d3)
    Load %3 <- string("abc")
    Eq %4 <- %2, %3
    Load %5 <- string("lower")
    Call %6 <- string("std.assert.assert") [%4, %5] (def=d1)
    Load %1 <- string("a-b-c")
    Load %5 <- string("-")
    Load %7 <- string("+")
    Call %2 <- string("std.string.replace") [%1, %5, %7] (def=d4)
    Load %3 <- string("a+b+c")
    Eq %4 <- %2, %3
    Load %8 <- string("replace")
    Call %6 <- string("std.assert.assert") [%4, %8] (def=d1)
    Load %2 <- string("hello")
    Load %3 <- string("ell")
    Call %4 <- string("std.string.contains") [%2, %3] (def=d5)
    Load %1 <- string("contains")
    Call %6 <- string("std.assert.assert") [%4, %1] (def=d1)
    Load %2 <- string("hello")
    Load %3 <- string("he")
    Call %4 <- string("std.string.starts_with") [%2, %3] (def=d6)
    Load %1 <- string("starts_with")
    Call %6 <- string("std.assert.assert") [%4, %1] (def=d1)
    Load %2 <- string("hello")
    Load %3 <- string("lo")
    Call %4 <- string("std.string.ends_with") [%2, %3] (def=d7)
    Load %1 <- string("ends_with")
    Call %6 <- string("std.assert.assert") [%4, %1] (def=d1)
    Load %1 <- string("hello")
    Load %5 <- string("ll")
    Call %2 <- string("std.string.index_of") [%1, %5] (def=d8)
    Load %3 <- int(2)
    Eq %4 <- %2, %3
    Load %7 <- string("index_of")
    Call %6 <- string("std.assert.assert") [%4, %7] (def=d1)
    Load %1 <- string("hello")
    Load %5 <- int(1)
    Load %7 <- int(4)
    Call %2 <- string("std.string.substring") [%1, %5, %7] (def=d9)
    Load %3 <- string("ell")
    Eq %4 <- %2, %3
    Load %8 <- string("substring")
    Call %6 <- string("std.assert.assert") [%4, %8] (def=d1)
    Load %1 <- string("hello")
    Call %2 <- string("std.string.len") [%1] (def=d10)
    Load %3 <- int(5)
    Eq %4 <- %2, %3
    Load %5 <- string("len")
    Call %6 <- string("std.assert.assert") [%4, %5] (def=d1)
    Load %3 <- string("x")
    Call %2 <- string("std.string.is_empty") [%3] (def=d11)
    Not %4 <- %2
    Load %1 <- string("not is_empty")
    Call %6 <- string("std.assert.assert") [%4, %1] (def=d1)
    Load %2 <- string("")
    Call %4 <- string("std.string.is_empty") [%2] (def=d11)
    Load %3 <- string("is_empty")
    Call %6 <- string("std.assert.assert") [%4, %3] (def=d1)
    Load %1 <- string("a")
    Load %5 <- string("b")
    Call %2 <- string("std.string.concat") [%1, %5] (def=d12)
    Load %3 <- string("ab")
    Eq %4 <- %2, %3
    Load %7 <- string("concat")
    Call %6 <- string("std.assert.assert") [%4, %7] (def=d1)
    Load %1 <- string("ab")
    Load %5 <- int(3)
    Call %2 <- string("std.string.repeat") [%1, %5] (def=d13)
    Load %3 <- string("ababab")
    Eq %4 <- %2, %3
    Load %7 <- string("repeat")
    Call %6 <- string("std.assert.assert") [%4, %7] (def=d1)
    Load %1 <- string("abc")
    Call %2 <- string("std.string.reverse") [%1] (def=d14)
    Load %3 <- string("cba")
    Eq %4 <- %2, %3
    Load %5 <- string("reverse")
    Call %6 <- string("std.assert.assert") [%4, %5] (def=d1)
    Load %4 <- string("x,y,z")
    Load %2 <- string(",")
    Call %6 <- string("std.string.split") [%4, %2] (def=d15)
    Load %5 <- %6
    StringLength %3 <- %5
    Load %1 <- int(3)
    Eq %2 <- %3, %1
    Load %7 <- string("split len 3")
    Call %4 <- string("std.assert.assert") [%2, %7] (def=d1)
    Load %2 <- string("x,y,z")
    Load %3 <- string(",")
    Call %4 <- string("std.string.split") [%2, %3] (def=d15)
    Load %7 <- %4
    Load %8 <- int(0)
    LoadIndex %1 <- %7[%8]
    Load %5 <- string("x")
    Eq %3 <- %1, %5
    Load %9 <- string("split[0] == x")
    Call %2 <- string("std.assert.assert") [%3, %9] (def=d1)
    Load %3 <- string("ab")
    Call %2 <- string("std.string.chars") [%3] (def=d16)
    Load %8 <- %2
    StringLength %5 <- %8
    Load %7 <- int(2)
    Eq %1 <- %5, %7
    Load %9 <- string("chars len 2")
    Call %3 <- string("std.assert.assert") [%1, %9] (def=d1)
    Load %1 <- string("42")
    Call %3 <- string("std.string.parse_int") [%1] (def=d17)
    Load %7 <- %3
    Call %5 <- string("std.result.is_ok") [%7] (def=d18)
    Load %8 <- string("parse_int ok")
    Call %1 <- string("std.assert.assert") [%5, %8] (def=d1)
    Load %5 <- string("not_a_number")
    Call %1 <- string("std.string.parse_int") [%5] (def=d17)
    Load %8 <- %1
    Call %7 <- string("std.result.is_err") [%8] (def=d19)
    Load %9 <- string("parse_int err on invalid")
    Call %5 <- string("std.assert.assert") [%7, %9] (def=d1)
    Load %7 <- string("xxx")
    Call %5 <- string("std.string.parse_float") [%7] (def=d20)
    Load %9 <- %5
    Call %8 <- string("std.result.is_err") [%9] (def=d19)
    Load %10 <- string("parse_float err on invalid")
    Call %7 <- string("std.assert.assert") [%8, %10] (def=d1)
    Load %11 <- string("A")
    Load %12 <- int(0)
    Call %9 <- string("std.string.char_code") [%11, %12] (def=d21)
    Load %10 <- int(65)
    Eq %8 <- %9, %10
    Load %13 <- string("char_code ASCII")
    Call %7 <- string("std.assert.assert") [%8, %13] (def=d1)
    Load %11 <- string("é")
    Load %12 <- int(0)
    Call %9 <- string("std.string.char_code") [%11, %12] (def=d21)
    Load %10 <- int(233)
    Eq %8 <- %9, %10
    Load %13 <- string("char_code Latin-1")
    Call %7 <- string("std.assert.assert") [%8, %13] (def=d1)
    Load %11 <- string("字")
    Load %12 <- int(0)
    Call %9 <- string("std.string.char_code") [%11, %12] (def=d21)
    Load %10 <- int(23383)
    Eq %8 <- %9, %10
    Load %13 <- string("char_code CJK")
    Call %7 <- string("std.assert.assert") [%8, %13] (def=d1)
    Load %11 <- string("héllo")
    Load %12 <- int(1)
    Call %9 <- string("std.string.char_code") [%11, %12] (def=d21)
    Load %10 <- int(233)
    Eq %8 <- %9, %10
    Load %13 <- string("char_code index past multibyte")
    Call %7 <- string("std.assert.assert") [%8, %13] (def=d1)
    Load %11 <- string("hi")
    Load %12 <- int(2)
    Call %9 <- string("std.string.char_code") [%11, %12] (def=d21)
    Load %13 <- int(1)
    Neg %10 <- %13
    Eq %8 <- %9, %10
    Load %14 <- string("char_code out of range → -1")
    Call %7 <- string("std.assert.assert") [%8, %14] (def=d1)
    Load %11 <- string("")
    Load %12 <- int(0)
    Call %9 <- string("std.string.char_code") [%11, %12] (def=d21)
    Load %13 <- int(1)
    Neg %10 <- %13
    Eq %8 <- %9, %10
    Load %14 <- string("char_code on empty → -1")
    Call %7 <- string("std.assert.assert") [%8, %14] (def=d1)
    Load %11 <- string("héllo")
    Call %9 <- string("std.string.len") [%11] (def=d10)
    Load %10 <- int(5)
    Eq %8 <- %9, %10
    Load %12 <- string("len counts code points")
    Call %7 <- string("std.assert.assert") [%8, %12] (def=d1)
    Load %11 <- string("中")
    Call %9 <- string("std.string.len") [%11] (def=d10)
    Load %10 <- int(1)
    Eq %8 <- %9, %10
    Load %12 <- string("len CJK scalar")
    Call %7 <- string("std.assert.assert") [%8, %12] (def=d1)
    Load %11 <- string("héllo")
    Load %12 <- string("é")
    Call %9 <- string("std.string.index_of") [%11, %12] (def=d8)
    Load %10 <- int(1)
    Eq %8 <- %9, %10
    Load %13 <- string("index_of scalar index")
    Call %7 <- string("std.assert.assert") [%8, %13] (def=d1)
    Load %11 <- string("héllo")
    Load %12 <- string("lo")
    Call %9 <- string("std.string.index_of") [%11, %12] (def=d8)
    Load %10 <- int(3)
    Eq %8 <- %9, %10
    Load %13 <- string("index_of after multibyte")
    Call %7 <- string("std.assert.assert") [%8, %13] (def=d1)
    Load %8 <- string("héllo")
    Load %9 <- string("é")
    Call %7 <- string("std.string.index_of") [%8, %9] (def=d8)
    Load %12 <- string("héllo")
    Load %13 <- %7
    Load %15 <- %7
    Load %16 <- int(1)
    Add %14 <- %15, %16
    Call %10 <- string("std.string.substring") [%12, %13, %14] (def=d9)
    Load %11 <- string("é")
    Eq %9 <- %10, %11
    Load %17 <- string("index_of feeds substring")
    Call %8 <- string("std.assert.assert") [%9, %17] (def=d1)
    Load %12 <- string("héllo")
    Load %13 <- %7
    Call %10 <- string("std.string.char_code") [%12, %13] (def=d21)
    Load %11 <- int(233)
    Eq %9 <- %10, %11
    Load %14 <- string("index_of feeds char_code")
    Call %8 <- string("std.assert.assert") [%9, %14] (def=d1)
    Load %9 <- int(65)
    Call %8 <- string("std.string.from_char_code") [%9] (def=d22)
    Load %11 <- %8
    Call %10 <- string("std.result.is_ok") [%11] (def=d18)
    Load %12 <- string("from_char_code ok")
    Call %9 <- string("std.assert.assert") [%10, %12] (def=d1)
    Load %13 <- %8
    Call %11 <- string("std.result.unwrap") [%13] (def=d23)
    Load %12 <- string("A")
    Eq %10 <- %11, %12
    Load %14 <- string("from_char_code roundtrip ASCII")
    Call %9 <- string("std.assert.assert") [%10, %14] (def=d1)
    Load %10 <- int(128512)
    Call %9 <- string("std.string.from_char_code") [%10] (def=d22)
    Load %12 <- %9
    Call %11 <- string("std.result.is_ok") [%12] (def=d18)
    Load %13 <- string("from_char_code astral ok")
    Call %10 <- string("std.assert.assert") [%11, %13] (def=d1)
    Load %15 <- %9
    Call %14 <- string("std.result.unwrap") [%15] (def=d23)
    Load %16 <- int(0)
    Call %12 <- string("std.string.char_code") [%14, %16] (def=d21)
    Load %13 <- int(128512)
    Eq %11 <- %12, %13
    Load %17 <- string("astral roundtrip")
    Call %10 <- string("std.assert.assert") [%11, %17] (def=d1)
    Load %14 <- int(1)
    Neg %13 <- %14
    Call %12 <- string("std.string.from_char_code") [%13] (def=d22)
    Call %11 <- string("std.result.is_err") [%12] (def=d19)
    Load %15 <- string("negative codepoint err")
    Call %10 <- string("std.assert.assert") [%11, %15] (def=d1)
    Load %13 <- int(55296)
    Call %12 <- string("std.string.from_char_code") [%13] (def=d22)
    Call %11 <- string("std.result.is_err") [%12] (def=d19)
    Load %14 <- string("surrogate half err")
    Call %10 <- string("std.assert.assert") [%11, %14] (def=d1)
    Load %13 <- int(1114112)
    Call %12 <- string("std.string.from_char_code") [%13] (def=d22)
    Call %11 <- string("std.result.is_err") [%12] (def=d19)
    Load %14 <- string("beyond max err")
    Call %10 <- string("std.assert.assert") [%11, %14] (def=d1)
    Load %14 <- string("Hello {}")
    Load %15 <- string("world")
    Call %12 <- string("std.string.format") [%14, %15] (def=d24)
    Load %13 <- string("Hello world")
    Eq %11 <- %12, %13
    Load %16 <- string("format basic")
    Call %10 <- string("std.assert.assert") [%11, %16] (def=d1)
    Load %14 <- string("{0}+{1}={0}")
    Load %15 <- int(1)
    Load %16 <- int(2)
    Call %12 <- string("std.string.format") [%14, %15, %16] (def=d24)
    Load %13 <- string("1+2=1")
    Eq %11 <- %12, %13
    Load %17 <- string("format indexed reuse")
    Call %10 <- string("std.assert.assert") [%11, %17] (def=d1)
    Load %14 <- string("{{}}")
    Call %12 <- string("std.string.format") [%14] (def=d24)
    Load %13 <- string("{}")
    Eq %11 <- %12, %13
    Load %15 <- string("format brace escape")
    Call %10 <- string("std.assert.assert") [%11, %15] (def=d1)
    Load %14 <- string("a}}b")
    Call %12 <- string("std.string.format") [%14] (def=d24)
    Load %13 <- string("a}b")
    Eq %11 <- %12, %13
    Load %15 <- string("format lone close brace literal")
    Call %10 <- string("std.assert.assert") [%11, %15] (def=d1)
    Load %14 <- string("{0:.2f}")
    Load %15 <- float(4614256650576692846)
    Call %12 <- string("std.string.format") [%14, %15] (def=d24)
    Load %13 <- string("3.14")
    Eq %11 <- %12, %13
    Load %16 <- string("format .2f")
    Call %10 <- string("std.assert.assert") [%11, %16] (def=d1)
    Load %14 <- string("[{0:5d}]")
    Load %16 <- int(5)
    Neg %15 <- %16
    Call %12 <- string("std.string.format") [%14, %15] (def=d24)
    Load %13 <- string("[   -5]")
    Eq %11 <- %12, %13
    Load %17 <- string("format width align")
    Call %10 <- string("std.assert.assert") [%11, %17] (def=d1)
    Load %14 <- string("{0:05d}")
    Load %16 <- int(5)
    Neg %15 <- %16
    Call %12 <- string("std.string.format") [%14, %15] (def=d24)
    Load %13 <- string("-0005")
    Eq %11 <- %12, %13
    Load %17 <- string("format zero flag")
    Call %10 <- string("std.assert.assert") [%11, %17] (def=d1)
    Load %14 <- string("{0:x}|{0:#x}|{0:b}|{0:o}")
    Load %15 <- int(255)
    Call %12 <- string("std.string.format") [%14, %15] (def=d24)
    Load %13 <- string("ff|0xff|11111111|377")
    Eq %11 <- %12, %13
    Load %16 <- string("format radix presentations")
    Call %10 <- string("std.assert.assert") [%11, %16] (def=d1)
    Load %14 <- string("{0:e}")
    Load %15 <- float(4614256650576692846)
    Call %12 <- string("std.string.format") [%14, %15] (def=d24)
    Load %13 <- string("3.141590e+00")
    Eq %11 <- %12, %13
    Load %16 <- string("format scientific")
    Call %10 <- string("std.assert.assert") [%11, %16] (def=d1)
    Load %14 <- string("{0:%}")
    Load %15 <- float(4598175219545276416)
    Call %12 <- string("std.string.format") [%14, %15] (def=d24)
    Load %13 <- string("25.000000%")
    Eq %11 <- %12, %13
    Load %16 <- string("format percent")
    Call %10 <- string("std.assert.assert") [%11, %16] (def=d1)
    Load %14 <- string("{0:.3}")
    Load %15 <- string("hello")
    Call %12 <- string("std.string.format") [%14, %15] (def=d24)
    Load %13 <- string("hel")
    Eq %11 <- %12, %13
    Load %16 <- string("format string precision")
    Call %10 <- string("std.assert.assert") [%11, %16] (def=d1)
    Load %14 <- string("{0:^7}")
    Load %15 <- string("hi")
    Call %12 <- string("std.string.format") [%14, %15] (def=d24)
    Load %13 <- string("  hi   ")
    Eq %11 <- %12, %13
    Load %16 <- string("format center align")
    Call %10 <- string("std.assert.assert") [%11, %16] (def=d1)
    Ret %10
  init (locals=0)
    Call %0 <- string("main") [] (def=_)
