module
  global[0] ab : Int(64)
  global[1] r : Int(64)
  global[2] n : Int(64)
  global[3] none_opt : Int(64)
  fn pick(Bool) -> Generic { name: "Option", args: [Int(64)] }
    slot[0] empty : Int(64) @depth1
    locals_total=4
    Load %0 <- arg%0
    Load %1 <- %0
    JmpIfNot %1 -> instr(6)
    Load %2 <- void
    CreateVariant %3 <- Option::1 %2
    Ret %3
    Load %3 <- int(7)
    CreateVariant %1 <- Option::0 %3
    Ret %1
    Ret %1
  init (locals=29)
    islot[28] v : Int(64) @depth1
    Load %0 <- string("a")
    Load %1 <- string("b")
    Call %2 <- string("std.string.concat") [%0, %1] (def=_)
    Store @0 <- %2
    Load %3 <- int(5)
    CreateVariant %4 <- Result::0 %3
    Store @1 <- %4
    Load %5 <- void
    Load %6 <- @1
    VariantTag %7 <- %6 : Result
    Load %8 <- int(0)
    Eq %9 <- %7, %8
    JmpIfNot %9 -> instr(18)
    VariantPayload %10 <- %6 : Result
    Move %11 <- %10
    Load %12 <- %11
    Move %5 <- %12
    Jmp -> instr(26)
    VariantTag %13 <- %6 : Result
    Load %14 <- int(1)
    Eq %15 <- %13, %14
    JmpIfNot %15 -> instr(26)
    VariantPayload %16 <- %6 : Result
    Load %17 <- int(0)
    Move %5 <- %17
    Jmp -> instr(26)
    Store @2 <- %5
    Load %18 <- bool(true)
    Call %19 <- string("pick") [%18] (def=_)
    Store @3 <- %19
    Load %20 <- @0
    Load %21 <- string("ab")
    Eq %22 <- %20, %21
    Load %23 <- string("concat with exactly two args")
    Call %24 <- string("std.assert.assert") [%22, %23] (def=_)
    Load %25 <- int(1)
    Load %26 <- int(0)
    Gt %27 <- %25, %26
    Call %28 <- string("std.assert.assert") [%27] (def=_)
    Load %29 <- int(1)
    Load %30 <- int(0)
    Gt %31 <- %29, %30
    Load %32 <- string("with optional message")
    Call %33 <- string("std.assert.assert") [%31, %32] (def=_)
    Load %34 <- string("variadic")
    Load %35 <- string("args")
    Load %36 <- string("ok")
    Call %37 <- string("std.io.println") [%34, %35, %36] (def=_)
    Load %38 <- @2
    Load %39 <- int(5)
    Eq %40 <- %38, %39
    Load %41 <- string("variant ctor with payload passes arity check")
    Call %42 <- string("std.assert.assert") [%40, %41] (def=_)
    Load %43 <- string("none_opt built")
    Load %44 <- @3
    Call %45 <- string("std.io.println") [%43, %44] (def=_)
    Load %46 <- bool(true)
    Load %47 <- string("zero/one-payload variant ctors compile and run")
    Call %48 <- string("std.assert.assert") [%46, %47] (def=_)
