module
  fn main() -> Void
    slot[0] result : Int(64) @depth1
    slot[1] x : Int(64) @depth2
    locals_total=7
    Load %0 <- int(42)
    Spawn %1 <- [] plan(groups=[], deps=[], resources=[])
    Load %2 <- %0
    Move %1 <- %2
    Load %3 <- %1
    Load %4 <- int(42)
    Eq %5 <- %3, %4
    Load %6 <- string("result should be 42")
    Call %2 <- string("std.assert.assert") [%5, %6] (def=d0)
    Ret %2
  init (locals=0)
    Call %0 <- string("main") [] (def=_)
