module
  fn pass_arc(Generic { name: "Arc", args: [Int(64)] }) -> Generic { name: "Arc", args: [Int(64)] }
    slot[0] a : Int(64) @depth1
    locals_total=2
    Load %0 <- arg%0
    Load %1 <- %0
    Ret %1
    Ret %1
  fn main() -> Void
    slot[0] p : Int(64) @depth1
    slot[1] q : Int(64) @depth1
    slot[2] w : Int(64) @depth1
    slot[3] u : Int(64) @depth1
    slot[4] u2 : Int(64) @depth1
    locals_total=7
    Load %0 <- int(42)
    RcNew %1 <- %0
    Load %2 <- %1
    Call %0 <- string("pass_arc") [%2] (def=d0)
    Load %3 <- %0
    Call %2 <- string("std.weak.new") [%3] (def=d1)
    Load %4 <- %2
    Call %3 <- string("std.weak.upgrade") [%4] (def=d2)
    Load %4 <- %3
    Load %5 <- string("ref shared ok")
    Call %6 <- string("std.io.println") [%5] (def=d3)
    Ret %6
  init (locals=0)
    Call %0 <- string("main") [] (def=_)
