module
  fn main() -> Void
    slot[0] l : Int(64) @depth1
    slot[2] x : Int(64) @depth1
    locals_total=7
    AllocArray %0 size=int(3), elem=int(1)
    Load %1 <- int(1)
    Load %2 <- int(0)
    StoreIndex %0[%2] <- %1
    Load %3 <- int(2)
    Load %4 <- int(1)
    StoreIndex %0[%4] <- %3
    Load %5 <- int(3)
    Load %6 <- int(2)
    StoreIndex %0[%6] <- %5
    Load %3 <- %0
    Load %5 <- int(1)
    Neg %4 <- %5
    LoadIndex %2 <- %3[%4]
    Ret
  init (locals=0)
    Call %0 <- string("main") [] (def=_)
