module
  fn main() -> Void
    slot[0] p : Int(64) @depth1
    locals_total=6
    Load %0 <- bool(true)
    JmpIfNot %0 -> instr(4)
    Load %1 <- bool(true)
    Jmp -> instr(5)
    Load %1 <- bool(false)
    Load %2 <- string("and tt")
    Call %3 <- string("std.assert.assert") [%1, %2] (def=d0)
    Load %2 <- bool(true)
    JmpIfNot %2 -> instr(11)
    Load %0 <- bool(false)
    Jmp -> instr(12)
    Load %0 <- bool(false)
    Not %1 <- %0
    Load %4 <- string("and tf")
    Call %3 <- string("std.assert.assert") [%1, %4] (def=d0)
    Load %2 <- bool(false)
    JmpIfNot %2 -> instr(19)
    Load %0 <- bool(true)
    Jmp -> instr(20)
    Load %0 <- bool(false)
    Not %1 <- %0
    Load %4 <- string("and ft")
    Call %3 <- string("std.assert.assert") [%1, %4] (def=d0)
    Load %2 <- bool(false)
    JmpIfNot %2 -> instr(27)
    Load %0 <- bool(false)
    Jmp -> instr(28)
    Load %0 <- bool(false)
    Not %1 <- %0
    Load %4 <- string("and ff")
    Call %3 <- string("std.assert.assert") [%1, %4] (def=d0)
    Load %0 <- bool(true)
    JmpIf %0 -> instr(35)
    Load %1 <- bool(true)
    Jmp -> instr(36)
    Load %1 <- bool(true)
    Load %2 <- string("or tt")
    Call %3 <- string("std.assert.assert") [%1, %2] (def=d0)
    Load %0 <- bool(true)
    JmpIf %0 -> instr(42)
    Load %1 <- bool(false)
    Jmp -> instr(43)
    Load %1 <- bool(true)
    Load %2 <- string("or tf")
    Call %3 <- string("std.assert.assert") [%1, %2] (def=d0)
    Load %0 <- bool(false)
    JmpIf %0 -> instr(49)
    Load %1 <- bool(true)
    Jmp -> instr(50)
    Load %1 <- bool(true)
    Load %2 <- string("or ft")
    Call %3 <- string("std.assert.assert") [%1, %2] (def=d0)
    Load %2 <- bool(false)
    JmpIf %2 -> instr(56)
    Load %0 <- bool(false)
    Jmp -> instr(57)
    Load %0 <- bool(true)
    Not %1 <- %0
    Load %4 <- string("or ff")
    Call %3 <- string("std.assert.assert") [%1, %4] (def=d0)
    Load %2 <- int(3)
    Load %4 <- int(4)
    Eq %0 <- %2, %4
    Not %1 <- %0
    Load %5 <- string("!(3 == 4) ≡ true")
    Call %3 <- string("std.assert.assert") [%1, %5] (def=d0)
    Load %4 <- bool(true)
    Not %0 <- %4
    Load %2 <- bool(false)
    Eq %1 <- %0, %2
    Load %5 <- string("!true == false —— ! 紧绑定到操作数")
    Call %3 <- string("std.assert.assert") [%1, %5] (def=d0)
    Load %0 <- bool(true)
    JmpIf %0 -> instr(80)
    Load %2 <- bool(false)
    JmpIfNot %2 -> instr(78)
    Load %1 <- bool(false)
    Jmp -> instr(79)
    Load %1 <- bool(false)
    Jmp -> instr(81)
    Load %1 <- bool(true)
    Load %4 <- string("true or (false and false) ≡ true")
    Call %3 <- string("std.assert.assert") [%1, %4] (def=d0)
    Load %3 <- string("/tmp/yaoxiang_shortcircuit_and.yx")
    Load %4 <- %3
    Call %2 <- string("std.fs.exists") [%4] (def=d1)
    Not %0 <- %2
    Load %5 <- string("precondition: file absent")
    Call %1 <- string("std.assert.assert") [%0, %5] (def=d0)
    Load %0 <- bool(false)
    JmpIfNot %0 -> instr(95)
    Load %2 <- %3
    Load %4 <- string("side effect")
    Call %1 <- string("std.fs.write_file") [%2, %4] (def=d2)
    Jmp -> instr(96)
    Load %1 <- bool(false)
    Load %4 <- %3
    Call %2 <- string("std.fs.exists") [%4] (def=d1)
    Not %0 <- %2
    Load %5 <- string("and short-circuit skipped rhs")
    Call %1 <- string("std.assert.assert") [%0, %5] (def=d0)
    Load %0 <- bool(true)
    JmpIf %0 -> instr(107)
    Load %2 <- %3
    Load %4 <- string("side effect")
    Call %1 <- string("std.fs.write_file") [%2, %4] (def=d2)
    Jmp -> instr(108)
    Load %1 <- bool(true)
    Load %4 <- %3
    Call %2 <- string("std.fs.exists") [%4] (def=d1)
    Not %0 <- %2
    Load %5 <- string("or short-circuit skipped rhs")
    Call %1 <- string("std.assert.assert") [%0, %5] (def=d0)
    Ret %1
  init (locals=0)
    Call %0 <- string("main") [] (def=_)
